[marketifythemes.net/html/grax/water.html]
[backblue.gif]
[fade.gif]
[index.html]
[marketifythemes.net/html/grax/img/favicon.png]
[marketifythemes.net/html/grax/css/plugins.css]
[marketifythemes.net/html/grax/css/colors.css]
[marketifythemes.net/html/grax/css/darkMode.css]
[marketifythemes.net/html/grax/css/style.css]
[marketifythemes.net/html/grax/img/svg/setting.svg]
[marketifythemes.net/html/grax/img/svg/weather.svg]
[marketifythemes.net/html/grax/img/svg/islam.svg]
[marketifythemes.net/html/grax/img/svg/arrow.svg]
[marketifythemes.net/html/grax/img/svg/cancel.svg]
[marketifythemes.net/html/grax/img/logo/dark.png]
[marketifythemes.net/html/grax/img/logo/logo.png]
[marketifythemes.net/html/grax/img/placeholders/3-4.jpg]
[marketifythemes.net/html/grax/img/svg/checked.svg]
[marketifythemes.net/html/grax/img/resume/resume.jpg]
[marketifythemes.net/html/grax/img/placeholders/1-1.jpg]
[marketifythemes.net/html/grax/img/portfolio/1.jpg]
[marketifythemes.net/html/grax/img/portfolio/2.jpg]
[marketifythemes.net/html/grax/img/portfolio/3.jpg]
[marketifythemes.net/html/grax/img/portfolio/4.jpg]
[marketifythemes.net/html/grax/img/portfolio/5.jpg]
[marketifythemes.net/html/grax/img/portfolio/7.jpg]
[marketifythemes.net/html/grax/img/placeholders/4-3.jpg]
[marketifythemes.net/html/grax/img/news/1.jpg]
[marketifythemes.net/html/grax/img/svg/social/facebook.svg]
[marketifythemes.net/html/grax/img/svg/social/twitter.svg]
[marketifythemes.net/html/grax/img/svg/social/behance.svg]
[marketifythemes.net/html/grax/img/svg/social/dribbble.svg]
[marketifythemes.net/html/grax/img/news/2.jpg]
[marketifythemes.net/html/grax/img/news/3.jpg]
[marketifythemes.net/html/grax/img/svg/location.svg]
[marketifythemes.net/html/grax/img/svg/email.svg]
[marketifythemes.net/html/grax/img/svg/phone.svg]
[marketifythemes.net/html/grax/img/svg/social/tik-tok.svg]
[marketifythemes.net/cdn-cgi/scripts/5c5dd728/cloudflare-static/email-decode.min.js]
[marketifythemes.net/html/grax/js/jquery.js]
[marketifythemes.net/html/grax/js/plugins.js]
[marketifythemes.net/html/grax/water.html]
[marketifythemes.net/html/grax/js/init.js]
[marketifythemes.net/html/grax/css/ytp-regular.eot]
[marketifythemes.net/html/grax/css/ytp-regular.ttf]
[marketifythemes.net/html/grax/images/raster.png]
[marketifythemes.net/html/grax/images/raster@2x.png]
[marketifythemes.net/html/grax/images/raster_dot.png]
[marketifythemes.net/html/grax/images/raster_dot@2x.png]
[marketifythemes.net/html/grax/css/plugins.css]
[marketifythemes.net/html/grax/css/colors.css]
[marketifythemes.net/html/grax/css/darkMode.css]
[marketifythemes.net/html/grax/img/patterns/inspiration-geometry.png]
[marketifythemes.net/html/grax/img/slider/2.jpg]
[marketifythemes.net/html/grax/img/patterns/light-honeycomb.png]
[marketifythemes.net/html/grax/css/style.css]
[marketifythemes.net/html/grax/img/svg/setting.svg]
[marketifythemes.net/html/grax/img/svg/weather.svg]
[marketifythemes.net/html/grax/img/svg/islam.svg]
[marketifythemes.net/html/grax/img/svg/arrow.svg]
[marketifythemes.net/html/grax/img/svg/cancel.svg]
[marketifythemes.net/html/grax/img/svg/checked.svg]
[marketifythemes.net/html/grax/img/svg/social/facebook.svg]
[marketifythemes.net/html/grax/img/svg/social/twitter.svg]
[marketifythemes.net/html/grax/img/svg/social/behance.svg]
[marketifythemes.net/html/grax/img/svg/social/dribbble.svg]
[marketifythemes.net/html/grax/img/svg/location.svg]
[marketifythemes.net/html/grax/img/svg/email.svg]
[marketifythemes.net/html/grax/img/svg/phone.svg]
[marketifythemes.net/html/grax/img/svg/social/tik-tok.svg]
[marketifythemes.net/html/grax/js/jquery.js]
[marketifythemes.net/html/grax/Version/index.html]
[marketifythemes.net/html/grax/GET]
[marketifythemes.net/html/grax/Error pJS - No image.src]
[marketifythemes.net/html/grax/js/plugins.js]
[marketifythemes.net/html/grax/img.svg]
[marketifythemes.net/html/grax/js/init.js]
[marketifythemes.net/html/grax/css/ytp-regular.html]
[marketifythemes.net/html/grax/css/ytp-regular-2.html]
[marketifythemes.net/html/grax/images/raster.html]
[marketifythemes.net/html/grax/images/raster@2x.html]
[marketifythemes.net/html/grax/images/raster_dot.html]
[marketifythemes.net/html/grax/images/raster_dot@2x.html]
[marketifythemes.net/html/grax/Version/index.html]
[marketifythemes.net/html/grax/GET.html]
[marketifythemes.net/html/grax/Error pJS - No image.html]
[marketifythemes.net/html/grax/img.html]
[marketifythemes.net/html/grax/modal/contact.html]
[marketifythemes.net/html/grax/modal/contact.html]
